Archive member included because of file (symbol)

/opt/altera/13.0sp1/nios2eds/bin/gnu/H-i686-pc-linux-gnu/bin/../lib/gcc/nios2-elf/4.1.2/mno-hw-mul/libgcc.a(lib2-mul.o)
                              obj/default/hello_world_small.o (__mulsi3)
/opt/altera/13.0sp1/nios2eds/bin/gnu/H-i686-pc-linux-gnu/bin/../lib/gcc/nios2-elf/4.1.2/../../../../nios2-elf/lib/mno-hw-mul/libsmallc.a(lib_a-printf.o)
                              obj/default/hello_world_small.o (printf)
/opt/altera/13.0sp1/nios2eds/bin/gnu/H-i686-pc-linux-gnu/bin/../lib/gcc/nios2-elf/4.1.2/../../../../nios2-elf/lib/mno-hw-mul/libsmallc.a(lib_a-sprintf.o)
                              obj/default/hello_world_small.o (sprintf)
/opt/altera/13.0sp1/nios2eds/bin/gnu/H-i686-pc-linux-gnu/bin/../lib/gcc/nios2-elf/4.1.2/../../../../nios2-elf/lib/mno-hw-mul/libsmallc.a(lib_a-strlen.o)
                              obj/default/hello_world_small.o (strlen)
/opt/altera/13.0sp1/nios2eds/bin/gnu/H-i686-pc-linux-gnu/bin/../lib/gcc/nios2-elf/4.1.2/../../../../nios2-elf/lib/mno-hw-mul/libsmallc.a(lib_a-vfprintf.o)
                              /opt/altera/13.0sp1/nios2eds/bin/gnu/H-i686-pc-linux-gnu/bin/../lib/gcc/nios2-elf/4.1.2/../../../../nios2-elf/lib/mno-hw-mul/libsmallc.a(lib_a-printf.o) (___vfprintf_internal_r)
/opt/altera/13.0sp1/nios2eds/bin/gnu/H-i686-pc-linux-gnu/bin/../lib/gcc/nios2-elf/4.1.2/../../../../nios2-elf/lib/mno-hw-mul/libsmallc.a(lib_a-fvwrite_small_dev.o)
                              /opt/altera/13.0sp1/nios2eds/bin/gnu/H-i686-pc-linux-gnu/bin/../lib/gcc/nios2-elf/4.1.2/../../../../nios2-elf/lib/mno-hw-mul/libsmallc.a(lib_a-printf.o) (__sfvwrite_small_dev)
/opt/altera/13.0sp1/nios2eds/bin/gnu/H-i686-pc-linux-gnu/bin/../lib/gcc/nios2-elf/4.1.2/../../../../nios2-elf/lib/mno-hw-mul/libsmallc.a(lib_a-fvwrite_small_str.o)
                              /opt/altera/13.0sp1/nios2eds/bin/gnu/H-i686-pc-linux-gnu/bin/../lib/gcc/nios2-elf/4.1.2/../../../../nios2-elf/lib/mno-hw-mul/libsmallc.a(lib_a-sprintf.o) (__sfvwrite_small_str)
/opt/altera/13.0sp1/nios2eds/bin/gnu/H-i686-pc-linux-gnu/bin/../lib/gcc/nios2-elf/4.1.2/../../../../nios2-elf/lib/mno-hw-mul/libsmallc.a(lib_a-impure.o)
                              /opt/altera/13.0sp1/nios2eds/bin/gnu/H-i686-pc-linux-gnu/bin/../lib/gcc/nios2-elf/4.1.2/../../../../nios2-elf/lib/mno-hw-mul/libsmallc.a(lib_a-printf.o) (_impure_ptr)
/opt/altera/13.0sp1/nios2eds/bin/gnu/H-i686-pc-linux-gnu/bin/../lib/gcc/nios2-elf/4.1.2/../../../../nios2-elf/lib/mno-hw-mul/libsmallc.a(lib_a-memmove.o)
                              /opt/altera/13.0sp1/nios2eds/bin/gnu/H-i686-pc-linux-gnu/bin/../lib/gcc/nios2-elf/4.1.2/../../../../nios2-elf/lib/mno-hw-mul/libsmallc.a(lib_a-fvwrite_small_str.o) (memmove)
/opt/altera/13.0sp1/nios2eds/bin/gnu/H-i686-pc-linux-gnu/bin/../lib/gcc/nios2-elf/4.1.2/../../../../nios2-elf/lib/mno-hw-mul/libsmallc.a(lib_a-writer.o)
                              /opt/altera/13.0sp1/nios2eds/bin/gnu/H-i686-pc-linux-gnu/bin/../lib/gcc/nios2-elf/4.1.2/../../../../nios2-elf/lib/mno-hw-mul/libsmallc.a(lib_a-fvwrite_small_dev.o) (_write_r)
/opt/altera/13.0sp1/nios2eds/bin/gnu/H-i686-pc-linux-gnu/bin/../lib/gcc/nios2-elf/4.1.2/../../../../nios2-elf/lib/mno-hw-mul/libsmallc.a(lib_a-int_errno.o)
                              /opt/altera/13.0sp1/nios2eds/bin/gnu/H-i686-pc-linux-gnu/bin/../lib/gcc/nios2-elf/4.1.2/../../../../nios2-elf/lib/mno-hw-mul/libsmallc.a(lib_a-writer.o) (errno)
/opt/altera/13.0sp1/nios2eds/bin/gnu/H-i686-pc-linux-gnu/bin/../lib/gcc/nios2-elf/4.1.2/mno-hw-mul/libgcc.a(lib2-divmod.o)
                              /opt/altera/13.0sp1/nios2eds/bin/gnu/H-i686-pc-linux-gnu/bin/../lib/gcc/nios2-elf/4.1.2/../../../../nios2-elf/lib/mno-hw-mul/libsmallc.a(lib_a-vfprintf.o) (__udivsi3)
../ProblemaMQTT_bsp//libhal_bsp.a(alt_load.o)
                              ../ProblemaMQTT_bsp//obj/HAL/src/crt0.o (alt_load)
../ProblemaMQTT_bsp//libhal_bsp.a(alt_main.o)
                              ../ProblemaMQTT_bsp//obj/HAL/src/crt0.o (alt_main)
../ProblemaMQTT_bsp//libhal_bsp.a(alt_putstr.o)
                              obj/default/hello_world_small.o (alt_putstr)
../ProblemaMQTT_bsp//libhal_bsp.a(alt_usleep.o)
                              obj/default/hello_world_small.o (usleep)
../ProblemaMQTT_bsp//libhal_bsp.a(alt_write.o)
                              /opt/altera/13.0sp1/nios2eds/bin/gnu/H-i686-pc-linux-gnu/bin/../lib/gcc/nios2-elf/4.1.2/../../../../nios2-elf/lib/mno-hw-mul/libsmallc.a(lib_a-writer.o) (write)
../ProblemaMQTT_bsp//libhal_bsp.a(alt_sys_init.o)
                              ../ProblemaMQTT_bsp//libhal_bsp.a(alt_main.o) (alt_sys_init)
../ProblemaMQTT_bsp//libhal_bsp.a(altera_avalon_uart_write.o)
                              ../ProblemaMQTT_bsp//libhal_bsp.a(alt_putstr.o) (altera_avalon_uart_write)
../ProblemaMQTT_bsp//libhal_bsp.a(alt_busy_sleep.o)
                              ../ProblemaMQTT_bsp//libhal_bsp.a(alt_usleep.o) (alt_busy_sleep)
../ProblemaMQTT_bsp//libhal_bsp.a(alt_dcache_flush_all.o)
                              ../ProblemaMQTT_bsp//libhal_bsp.a(alt_load.o) (alt_dcache_flush_all)
../ProblemaMQTT_bsp//libhal_bsp.a(alt_errno.o)
                              ../ProblemaMQTT_bsp//libhal_bsp.a(alt_write.o) (alt_errno)
../ProblemaMQTT_bsp//libhal_bsp.a(alt_icache_flush_all.o)
                              ../ProblemaMQTT_bsp//libhal_bsp.a(alt_load.o) (alt_icache_flush_all)
../ProblemaMQTT_bsp//libhal_bsp.a(altera_nios2_qsys_irq.o)
                              ../ProblemaMQTT_bsp//libhal_bsp.a(alt_sys_init.o) (altera_nios2_qsys_irq_init)

Allocating common symbols
Common symbol       size              file

errno               0x4               /opt/altera/13.0sp1/nios2eds/bin/gnu/H-i686-pc-linux-gnu/bin/../lib/gcc/nios2-elf/4.1.2/../../../../nios2-elf/lib/mno-hw-mul/libsmallc.a(lib_a-int_errno.o)

Memory Configuration

Name             Origin             Length             Attributes
reset            0x00002000         0x00000020
onchip_memory2_0 0x00002020         0x00001fe0
*default*        0x00000000         0xffffffff

Linker script and memory map

LOAD ../ProblemaMQTT_bsp//obj/HAL/src/crt0.o
                0x0000200c                exit = _exit
LOAD obj/default/hello_world_small.o
LOAD /opt/altera/13.0sp1/nios2eds/bin/gnu/H-i686-pc-linux-gnu/bin/../lib/gcc/nios2-elf/4.1.2/../../../../nios2-elf/lib/mno-hw-mul/libstdc++.a
LOAD /opt/altera/13.0sp1/nios2eds/bin/gnu/H-i686-pc-linux-gnu/bin/../lib/gcc/nios2-elf/4.1.2/../../../../nios2-elf/lib/mno-hw-mul/libm.a
LOAD /opt/altera/13.0sp1/nios2eds/bin/gnu/H-i686-pc-linux-gnu/bin/../lib/gcc/nios2-elf/4.1.2/mno-hw-mul/libgcc.a
START GROUP
LOAD /opt/altera/13.0sp1/nios2eds/bin/gnu/H-i686-pc-linux-gnu/bin/../lib/gcc/nios2-elf/4.1.2/../../../../nios2-elf/lib/mno-hw-mul/libsmallc.a
LOAD /opt/altera/13.0sp1/nios2eds/bin/gnu/H-i686-pc-linux-gnu/bin/../lib/gcc/nios2-elf/4.1.2/mno-hw-mul/libgcc.a
LOAD ../ProblemaMQTT_bsp//libhal_bsp.a
END GROUP
LOAD /opt/altera/13.0sp1/nios2eds/bin/gnu/H-i686-pc-linux-gnu/bin/../lib/gcc/nios2-elf/4.1.2/mno-hw-mul/libgcc.a
                0x00002000                __alt_mem_onchip_memory2_0 = 0x2000

.entry          0x00002000       0x20
 *(.entry)
 .entry         0x00002000       0x20 ../ProblemaMQTT_bsp//obj/HAL/src/crt0.o
                0x00002000                __reset
                0x0000200c                _exit

.exceptions     0x00002020        0x0
                0x00002020                PROVIDE (__ram_exceptions_start, ABSOLUTE (.))
                0x00002020                . = ALIGN (0x20)
 *(.irq)
 *(.exceptions.entry.label)
 *(.exceptions.entry.user)
 *(.exceptions.entry)
 *(.exceptions.irqtest.user)
 *(.exceptions.irqtest)
 *(.exceptions.irqhandler.user)
 *(.exceptions.irqhandler)
 *(.exceptions.irqreturn.user)
 *(.exceptions.irqreturn)
 *(.exceptions.notirq.label)
 *(.exceptions.notirq.user)
 *(.exceptions.notirq)
 *(.exceptions.soft.user)
 *(.exceptions.soft)
 *(.exceptions.unknown.user)
 *(.exceptions.unknown)
 *(.exceptions.exit.label)
 *(.exceptions.exit.user)
 *(.exceptions.exit)
 *(.exceptions)
                0x00002020                PROVIDE (__ram_exceptions_end, ABSOLUTE (.))
                0x00002020                PROVIDE (__flash_exceptions_start, LOADADDR (.exceptions))

.text           0x00002020     0x1884
                0x00002020                PROVIDE (stext, ABSOLUTE (.))
 *(.interp)
 *(.hash)
 *(.dynsym)
 *(.dynstr)
 *(.gnu.version)
 *(.gnu.version_d)
 *(.gnu.version_r)
 *(.rel.init)
 *(.rela.init)
 *(.rel.text .rel.text.* .rel.gnu.linkonce.t.*)
 *(.rela.text .rela.text.* .rela.gnu.linkonce.t.*)
 *(.rel.fini)
 *(.rela.fini)
 *(.rel.rodata .rel.rodata.* .rel.gnu.linkonce.r.*)
 *(.rela.rodata .rela.rodata.* .rela.gnu.linkonce.r.*)
 *(.rel.data .rel.data.* .rel.gnu.linkonce.d.*)
 *(.rela.data .rela.data.* .rela.gnu.linkonce.d.*)
 *(.rel.tdata .rel.tdata.* .rel.gnu.linkonce.td.*)
 *(.rela.tdata .rela.tdata.* .rela.gnu.linkonce.td.*)
 *(.rel.tbss .rel.tbss.* .rel.gnu.linkonce.tb.*)
 *(.rela.tbss .rela.tbss.* .rela.gnu.linkonce.tb.*)
 *(.rel.ctors)
 *(.rela.ctors)
 *(.rel.dtors)
 *(.rela.dtors)
 *(.rel.got)
 *(.rela.got)
 *(.rel.sdata .rel.sdata.* .rel.gnu.linkonce.s.*)
 *(.rela.sdata .rela.sdata.* .rela.gnu.linkonce.s.*)
 *(.rel.sbss .rel.sbss.* .rel.gnu.linkonce.sb.*)
 *(.rela.sbss .rela.sbss.* .rela.gnu.linkonce.sb.*)
 *(.rel.sdata2 .rel.sdata2.* .rel.gnu.linkonce.s2.*)
 *(.rela.sdata2 .rela.sdata2.* .rela.gnu.linkonce.s2.*)
 *(.rel.sbss2 .rel.sbss2.* .rel.gnu.linkonce.sb2.*)
 *(.rela.sbss2 .rela.sbss2.* .rela.gnu.linkonce.sb2.*)
 *(.rel.bss .rel.bss.* .rel.gnu.linkonce.b.*)
 *(.rela.bss .rela.bss.* .rela.gnu.linkonce.b.*)
 *(.rel.plt)
 *(.rela.plt)
 *(.rel.dyn)
 *(.init)
 *(.plt)
 *(.text .stub .text.* .gnu.linkonce.t.*)
 .text          0x00002020       0x3c ../ProblemaMQTT_bsp//obj/HAL/src/crt0.o
                0x00002020                _start
 .text          0x0000205c      0x8cc obj/default/hello_world_small.o
                0x0000205c                nextOption
                0x00002074                previousOption
                0x00002084                queryNetworks
                0x00002088                delay
                0x000020c8                hideAllLeds
                0x000020e8                printJTAG
                0x000020f4                showLed
                0x000021e4                printInt
                0x00002238                writeWord
                0x000022b8                enterOption
                0x0000233c                showOption
                0x000023a4                exitOption
                0x000023d8                initializeDisplay
                0x000024c8                closeConnection
                0x00002500                sendCommand
                0x00002554                createClient
                0x00002560                closeMQTT
                0x00002614                connectMQTT
                0x000026c8                sendData
                0x000027e0                connectToRouter
                0x000027ec                startConnection
                0x00002850                main
 .text          0x00002928       0x38 /opt/altera/13.0sp1/nios2eds/bin/gnu/H-i686-pc-linux-gnu/bin/../lib/gcc/nios2-elf/4.1.2/mno-hw-mul/libgcc.a(lib2-mul.o)
                0x00002928                __mulsi3
 .text          0x00002960       0x98 /opt/altera/13.0sp1/nios2eds/bin/gnu/H-i686-pc-linux-gnu/bin/../lib/gcc/nios2-elf/4.1.2/../../../../nios2-elf/lib/mno-hw-mul/libsmallc.a(lib_a-printf.o)
                0x00002960                printf
                0x000029b4                _printf_r
 .text          0x000029f8       0xf4 /opt/altera/13.0sp1/nios2eds/bin/gnu/H-i686-pc-linux-gnu/bin/../lib/gcc/nios2-elf/4.1.2/../../../../nios2-elf/lib/mno-hw-mul/libsmallc.a(lib_a-sprintf.o)
                0x000029f8                sprintf
                0x00002a7c                _sprintf_r
 .text          0x00002aec       0x20 /opt/altera/13.0sp1/nios2eds/bin/gnu/H-i686-pc-linux-gnu/bin/../lib/gcc/nios2-elf/4.1.2/../../../../nios2-elf/lib/mno-hw-mul/libsmallc.a(lib_a-strlen.o)
                0x00002aec                strlen
 .text          0x00002b0c      0x740 /opt/altera/13.0sp1/nios2eds/bin/gnu/H-i686-pc-linux-gnu/bin/../lib/gcc/nios2-elf/4.1.2/../../../../nios2-elf/lib/mno-hw-mul/libsmallc.a(lib_a-vfprintf.o)
                0x00002b8c                ___vfprintf_internal_r
                0x00003228                __vfprintf_internal
 .text          0x0000324c       0xbc /opt/altera/13.0sp1/nios2eds/bin/gnu/H-i686-pc-linux-gnu/bin/../lib/gcc/nios2-elf/4.1.2/../../../../nios2-elf/lib/mno-hw-mul/libsmallc.a(lib_a-fvwrite_small_dev.o)
                0x0000324c                __sfvwrite_small_dev
 .text          0x00003308       0xb8 /opt/altera/13.0sp1/nios2eds/bin/gnu/H-i686-pc-linux-gnu/bin/../lib/gcc/nios2-elf/4.1.2/../../../../nios2-elf/lib/mno-hw-mul/libsmallc.a(lib_a-fvwrite_small_str.o)
                0x00003308                __sfvwrite_small_str
 .text          0x000033c0        0x0 /opt/altera/13.0sp1/nios2eds/bin/gnu/H-i686-pc-linux-gnu/bin/../lib/gcc/nios2-elf/4.1.2/../../../../nios2-elf/lib/mno-hw-mul/libsmallc.a(lib_a-impure.o)
 .text          0x000033c0       0x60 /opt/altera/13.0sp1/nios2eds/bin/gnu/H-i686-pc-linux-gnu/bin/../lib/gcc/nios2-elf/4.1.2/../../../../nios2-elf/lib/mno-hw-mul/libsmallc.a(lib_a-memmove.o)
                0x000033c0                memmove
 .text          0x00003420       0x78 /opt/altera/13.0sp1/nios2eds/bin/gnu/H-i686-pc-linux-gnu/bin/../lib/gcc/nios2-elf/4.1.2/../../../../nios2-elf/lib/mno-hw-mul/libsmallc.a(lib_a-writer.o)
                0x00003420                _write_r
 .text          0x00003498        0x0 /opt/altera/13.0sp1/nios2eds/bin/gnu/H-i686-pc-linux-gnu/bin/../lib/gcc/nios2-elf/4.1.2/../../../../nios2-elf/lib/mno-hw-mul/libsmallc.a(lib_a-int_errno.o)
 .text          0x00003498      0x14c /opt/altera/13.0sp1/nios2eds/bin/gnu/H-i686-pc-linux-gnu/bin/../lib/gcc/nios2-elf/4.1.2/mno-hw-mul/libgcc.a(lib2-divmod.o)
                0x00003514                __divsi3
                0x00003574                __modsi3
                0x000035d4                __udivsi3
                0x000035dc                __umodsi3
 .text          0x000035e4       0x8c ../ProblemaMQTT_bsp//libhal_bsp.a(alt_load.o)
                0x00003604                alt_load
 .text          0x00003670       0x2c ../ProblemaMQTT_bsp//libhal_bsp.a(alt_main.o)
                0x00003670                alt_main
 .text          0x0000369c       0x38 ../ProblemaMQTT_bsp//libhal_bsp.a(alt_putstr.o)
                0x0000369c                alt_putstr
 .text          0x000036d4        0x4 ../ProblemaMQTT_bsp//libhal_bsp.a(alt_usleep.o)
                0x000036d4                usleep
 .text          0x000036d8       0x78 ../ProblemaMQTT_bsp//libhal_bsp.a(alt_write.o)
                0x000036d8                write
 .text          0x00003750       0x24 ../ProblemaMQTT_bsp//libhal_bsp.a(alt_sys_init.o)
                0x00003750                alt_sys_init
                0x00003754                alt_irq_init
 .text          0x00003774       0x94 ../ProblemaMQTT_bsp//libhal_bsp.a(altera_avalon_uart_write.o)
                0x00003774                altera_avalon_uart_write
 .text          0x00003808       0x8c ../ProblemaMQTT_bsp//libhal_bsp.a(alt_busy_sleep.o)
                0x00003808                alt_busy_sleep
 .text          0x00003894        0x4 ../ProblemaMQTT_bsp//libhal_bsp.a(alt_dcache_flush_all.o)
                0x00003894                alt_dcache_flush_all
 .text          0x00003898        0x0 ../ProblemaMQTT_bsp//libhal_bsp.a(alt_errno.o)
 .text          0x00003898        0x4 ../ProblemaMQTT_bsp//libhal_bsp.a(alt_icache_flush_all.o)
                0x00003898                alt_icache_flush_all
 .text          0x0000389c        0x8 ../ProblemaMQTT_bsp//libhal_bsp.a(altera_nios2_qsys_irq.o)
                0x0000389c                altera_nios2_qsys_irq_init
 *(.gnu.warning.*)
 *(.fini)
                0x000038a4                PROVIDE (__etext, ABSOLUTE (.))
                0x000038a4                PROVIDE (_etext, ABSOLUTE (.))
                0x000038a4                PROVIDE (etext, ABSOLUTE (.))
 *(.eh_frame_hdr)
                0x000038a4                . = ALIGN (0x4)
                0x000038a4                PROVIDE (__preinit_array_start, ABSOLUTE (.))
 *(.preinit_array)
                0x000038a4                PROVIDE (__preinit_array_end, ABSOLUTE (.))
                0x000038a4                PROVIDE (__init_array_start, ABSOLUTE (.))
 *(.init_array)
                0x000038a4                PROVIDE (__init_array_end, ABSOLUTE (.))
                0x000038a4                PROVIDE (__fini_array_start, ABSOLUTE (.))
 *(.fini_array)
                0x000038a4                PROVIDE (__fini_array_end, ABSOLUTE (.))
 *(.eh_frame)
 *(.gcc_except_table)
 *(.dynamic)
                0x000038a4                PROVIDE (__CTOR_LIST__, ABSOLUTE (.))
 *(.ctors)
 *(SORT(.ctors.*))
                0x000038a4                PROVIDE (__CTOR_END__, ABSOLUTE (.))
                0x000038a4                PROVIDE (__DTOR_LIST__, ABSOLUTE (.))
 *(.dtors)
 *(SORT(.dtors.*))
                0x000038a4                PROVIDE (__DTOR_END__, ABSOLUTE (.))
 *(.jcr)
                0x000038a4                . = ALIGN (0x4)

.rodata         0x000038a4      0x1c4
                0x000038a4                PROVIDE (__ram_rodata_start, ABSOLUTE (.))
                0x000038a4                . = ALIGN (0x4)
 *(.rodata .rodata.* .gnu.linkonce.r.*)
 .rodata.str1.4
                0x000038a4      0x1c4 obj/default/hello_world_small.o
 *(.rodata1)
                0x00003a68                . = ALIGN (0x4)
                0x00003a68                PROVIDE (__ram_rodata_end, ABSOLUTE (.))
                0x000038a4                PROVIDE (__flash_rodata_start, LOADADDR (.rodata))

.rwdata         0x00003a68       0xf4 load address 0x00003b5c
                0x00003a68                PROVIDE (__ram_rwdata_start, ABSOLUTE (.))
                0x00003a68                . = ALIGN (0x4)
 *(.got.plt)
 *(.got)
 *(.data1)
 *(.data .data.* .gnu.linkonce.d.*)
 .data          0x00003a68        0x0 ../ProblemaMQTT_bsp//obj/HAL/src/crt0.o
 .data          0x00003a68        0x0 obj/default/hello_world_small.o
 .data          0x00003a68        0x0 /opt/altera/13.0sp1/nios2eds/bin/gnu/H-i686-pc-linux-gnu/bin/../lib/gcc/nios2-elf/4.1.2/mno-hw-mul/libgcc.a(lib2-mul.o)
 .data          0x00003a68        0x0 /opt/altera/13.0sp1/nios2eds/bin/gnu/H-i686-pc-linux-gnu/bin/../lib/gcc/nios2-elf/4.1.2/../../../../nios2-elf/lib/mno-hw-mul/libsmallc.a(lib_a-printf.o)
 .data          0x00003a68        0x0 /opt/altera/13.0sp1/nios2eds/bin/gnu/H-i686-pc-linux-gnu/bin/../lib/gcc/nios2-elf/4.1.2/../../../../nios2-elf/lib/mno-hw-mul/libsmallc.a(lib_a-sprintf.o)
 .data          0x00003a68        0x0 /opt/altera/13.0sp1/nios2eds/bin/gnu/H-i686-pc-linux-gnu/bin/../lib/gcc/nios2-elf/4.1.2/../../../../nios2-elf/lib/mno-hw-mul/libsmallc.a(lib_a-strlen.o)
 .data          0x00003a68        0x0 /opt/altera/13.0sp1/nios2eds/bin/gnu/H-i686-pc-linux-gnu/bin/../lib/gcc/nios2-elf/4.1.2/../../../../nios2-elf/lib/mno-hw-mul/libsmallc.a(lib_a-vfprintf.o)
 .data          0x00003a68        0x0 /opt/altera/13.0sp1/nios2eds/bin/gnu/H-i686-pc-linux-gnu/bin/../lib/gcc/nios2-elf/4.1.2/../../../../nios2-elf/lib/mno-hw-mul/libsmallc.a(lib_a-fvwrite_small_dev.o)
 .data          0x00003a68        0x0 /opt/altera/13.0sp1/nios2eds/bin/gnu/H-i686-pc-linux-gnu/bin/../lib/gcc/nios2-elf/4.1.2/../../../../nios2-elf/lib/mno-hw-mul/libsmallc.a(lib_a-fvwrite_small_str.o)
 .data          0x00003a68       0xe0 /opt/altera/13.0sp1/nios2eds/bin/gnu/H-i686-pc-linux-gnu/bin/../lib/gcc/nios2-elf/4.1.2/../../../../nios2-elf/lib/mno-hw-mul/libsmallc.a(lib_a-impure.o)
 .data          0x00003b48        0x0 /opt/altera/13.0sp1/nios2eds/bin/gnu/H-i686-pc-linux-gnu/bin/../lib/gcc/nios2-elf/4.1.2/../../../../nios2-elf/lib/mno-hw-mul/libsmallc.a(lib_a-memmove.o)
 .data          0x00003b48        0x0 /opt/altera/13.0sp1/nios2eds/bin/gnu/H-i686-pc-linux-gnu/bin/../lib/gcc/nios2-elf/4.1.2/../../../../nios2-elf/lib/mno-hw-mul/libsmallc.a(lib_a-writer.o)
 .data          0x00003b48        0x0 /opt/altera/13.0sp1/nios2eds/bin/gnu/H-i686-pc-linux-gnu/bin/../lib/gcc/nios2-elf/4.1.2/../../../../nios2-elf/lib/mno-hw-mul/libsmallc.a(lib_a-int_errno.o)
 .data          0x00003b48        0x0 /opt/altera/13.0sp1/nios2eds/bin/gnu/H-i686-pc-linux-gnu/bin/../lib/gcc/nios2-elf/4.1.2/mno-hw-mul/libgcc.a(lib2-divmod.o)
 .data          0x00003b48        0x0 ../ProblemaMQTT_bsp//libhal_bsp.a(alt_load.o)
 .data          0x00003b48        0x0 ../ProblemaMQTT_bsp//libhal_bsp.a(alt_main.o)
 .data          0x00003b48        0x0 ../ProblemaMQTT_bsp//libhal_bsp.a(alt_putstr.o)
 .data          0x00003b48        0x0 ../ProblemaMQTT_bsp//libhal_bsp.a(alt_usleep.o)
 .data          0x00003b48        0x0 ../ProblemaMQTT_bsp//libhal_bsp.a(alt_write.o)
 .data          0x00003b48        0x0 ../ProblemaMQTT_bsp//libhal_bsp.a(alt_sys_init.o)
 .data          0x00003b48        0x0 ../ProblemaMQTT_bsp//libhal_bsp.a(altera_avalon_uart_write.o)
 .data          0x00003b48        0x0 ../ProblemaMQTT_bsp//libhal_bsp.a(alt_busy_sleep.o)
 .data          0x00003b48        0x0 ../ProblemaMQTT_bsp//libhal_bsp.a(alt_dcache_flush_all.o)
 .data          0x00003b48        0x0 ../ProblemaMQTT_bsp//libhal_bsp.a(alt_errno.o)
 .data          0x00003b48        0x0 ../ProblemaMQTT_bsp//libhal_bsp.a(alt_icache_flush_all.o)
 .data          0x00003b48        0x0 ../ProblemaMQTT_bsp//libhal_bsp.a(altera_nios2_qsys_irq.o)
                0x0000bb48                _gp = ABSOLUTE ((. + 0x8000))
                0x0000bb48                PROVIDE (gp, _gp)
 *(.rwdata .rwdata.*)
 *(.sdata .sdata.* .gnu.linkonce.s.*)
 .sdata         0x00003b48        0x8 /opt/altera/13.0sp1/nios2eds/bin/gnu/H-i686-pc-linux-gnu/bin/../lib/gcc/nios2-elf/4.1.2/../../../../nios2-elf/lib/mno-hw-mul/libsmallc.a(lib_a-impure.o)
                0x00003b48                _impure_ptr
                0x00003b4c                _global_impure_ptr
 .sdata         0x00003b50        0x8 ../ProblemaMQTT_bsp//libhal_bsp.a(alt_sys_init.o)
                0x00003b50                jtag_uart_0
                0x00003b54                uart_main
 .sdata         0x00003b58        0x4 ../ProblemaMQTT_bsp//libhal_bsp.a(alt_errno.o)
                0x00003b58                alt_errno
 *(.sdata2 .sdata2.* .gnu.linkonce.s2.*)
                0x00003b5c                . = ALIGN (0x4)
                0x00003b5c                _edata = ABSOLUTE (.)
                0x00003b5c                PROVIDE (edata, ABSOLUTE (.))
                0x00003b5c                PROVIDE (__ram_rwdata_end, ABSOLUTE (.))
                0x00003b5c                PROVIDE (__flash_rwdata_start, LOADADDR (.rwdata))

.bss            0x00003c50       0x14
                0x00003c50                __bss_start = ABSOLUTE (.)
                0x00003c50                PROVIDE (__sbss_start, ABSOLUTE (.))
                0x00003c50                PROVIDE (___sbss_start, ABSOLUTE (.))
 *(.dynsbss)
 *(.sbss .sbss.* .gnu.linkonce.sb.*)
 .sbss          0x00003c50        0x4 obj/default/hello_world_small.o
                0x00003c50                choosed
 .sbss          0x00003c54        0x4 /opt/altera/13.0sp1/nios2eds/bin/gnu/H-i686-pc-linux-gnu/bin/../lib/gcc/nios2-elf/4.1.2/../../../../nios2-elf/lib/mno-hw-mul/libsmallc.a(lib_a-int_errno.o)
                0x00003c54                errno
 .sbss          0x00003c58        0xc ../ProblemaMQTT_bsp//libhal_bsp.a(alt_main.o)
                0x00003c58                alt_argc
                0x00003c5c                alt_argv
                0x00003c60                alt_envp
 *(.sbss2 .sbss2.* .gnu.linkonce.sb2.*)
 *(.scommon)
                0x00003c64                PROVIDE (__sbss_end, ABSOLUTE (.))
                0x00003c64                PROVIDE (___sbss_end, ABSOLUTE (.))
 *(.dynbss)
 *(.bss .bss.* .gnu.linkonce.b.*)
 .bss           0x00003c64        0x0 ../ProblemaMQTT_bsp//obj/HAL/src/crt0.o
 .bss           0x00003c64        0x0 obj/default/hello_world_small.o
 .bss           0x00003c64        0x0 /opt/altera/13.0sp1/nios2eds/bin/gnu/H-i686-pc-linux-gnu/bin/../lib/gcc/nios2-elf/4.1.2/mno-hw-mul/libgcc.a(lib2-mul.o)
 .bss           0x00003c64        0x0 /opt/altera/13.0sp1/nios2eds/bin/gnu/H-i686-pc-linux-gnu/bin/../lib/gcc/nios2-elf/4.1.2/../../../../nios2-elf/lib/mno-hw-mul/libsmallc.a(lib_a-printf.o)
 .bss           0x00003c64        0x0 /opt/altera/13.0sp1/nios2eds/bin/gnu/H-i686-pc-linux-gnu/bin/../lib/gcc/nios2-elf/4.1.2/../../../../nios2-elf/lib/mno-hw-mul/libsmallc.a(lib_a-sprintf.o)
 .bss           0x00003c64        0x0 /opt/altera/13.0sp1/nios2eds/bin/gnu/H-i686-pc-linux-gnu/bin/../lib/gcc/nios2-elf/4.1.2/../../../../nios2-elf/lib/mno-hw-mul/libsmallc.a(lib_a-strlen.o)
 .bss           0x00003c64        0x0 /opt/altera/13.0sp1/nios2eds/bin/gnu/H-i686-pc-linux-gnu/bin/../lib/gcc/nios2-elf/4.1.2/../../../../nios2-elf/lib/mno-hw-mul/libsmallc.a(lib_a-vfprintf.o)
 .bss           0x00003c64        0x0 /opt/altera/13.0sp1/nios2eds/bin/gnu/H-i686-pc-linux-gnu/bin/../lib/gcc/nios2-elf/4.1.2/../../../../nios2-elf/lib/mno-hw-mul/libsmallc.a(lib_a-fvwrite_small_dev.o)
 .bss           0x00003c64        0x0 /opt/altera/13.0sp1/nios2eds/bin/gnu/H-i686-pc-linux-gnu/bin/../lib/gcc/nios2-elf/4.1.2/../../../../nios2-elf/lib/mno-hw-mul/libsmallc.a(lib_a-fvwrite_small_str.o)
 .bss           0x00003c64        0x0 /opt/altera/13.0sp1/nios2eds/bin/gnu/H-i686-pc-linux-gnu/bin/../lib/gcc/nios2-elf/4.1.2/../../../../nios2-elf/lib/mno-hw-mul/libsmallc.a(lib_a-impure.o)
 .bss           0x00003c64        0x0 /opt/altera/13.0sp1/nios2eds/bin/gnu/H-i686-pc-linux-gnu/bin/../lib/gcc/nios2-elf/4.1.2/../../../../nios2-elf/lib/mno-hw-mul/libsmallc.a(lib_a-memmove.o)
 .bss           0x00003c64        0x0 /opt/altera/13.0sp1/nios2eds/bin/gnu/H-i686-pc-linux-gnu/bin/../lib/gcc/nios2-elf/4.1.2/../../../../nios2-elf/lib/mno-hw-mul/libsmallc.a(lib_a-writer.o)
 .bss           0x00003c64        0x0 /opt/altera/13.0sp1/nios2eds/bin/gnu/H-i686-pc-linux-gnu/bin/../lib/gcc/nios2-elf/4.1.2/../../../../nios2-elf/lib/mno-hw-mul/libsmallc.a(lib_a-int_errno.o)
 .bss           0x00003c64        0x0 /opt/altera/13.0sp1/nios2eds/bin/gnu/H-i686-pc-linux-gnu/bin/../lib/gcc/nios2-elf/4.1.2/mno-hw-mul/libgcc.a(lib2-divmod.o)
 .bss           0x00003c64        0x0 ../ProblemaMQTT_bsp//libhal_bsp.a(alt_load.o)
 .bss           0x00003c64        0x0 ../ProblemaMQTT_bsp//libhal_bsp.a(alt_main.o)
 .bss           0x00003c64        0x0 ../ProblemaMQTT_bsp//libhal_bsp.a(alt_putstr.o)
 .bss           0x00003c64        0x0 ../ProblemaMQTT_bsp//libhal_bsp.a(alt_usleep.o)
 .bss           0x00003c64        0x0 ../ProblemaMQTT_bsp//libhal_bsp.a(alt_write.o)
 .bss           0x00003c64        0x0 ../ProblemaMQTT_bsp//libhal_bsp.a(alt_sys_init.o)
 .bss           0x00003c64        0x0 ../ProblemaMQTT_bsp//libhal_bsp.a(altera_avalon_uart_write.o)
 .bss           0x00003c64        0x0 ../ProblemaMQTT_bsp//libhal_bsp.a(alt_busy_sleep.o)
 .bss           0x00003c64        0x0 ../ProblemaMQTT_bsp//libhal_bsp.a(alt_dcache_flush_all.o)
 .bss           0x00003c64        0x0 ../ProblemaMQTT_bsp//libhal_bsp.a(alt_errno.o)
 .bss           0x00003c64        0x0 ../ProblemaMQTT_bsp//libhal_bsp.a(alt_icache_flush_all.o)
 .bss           0x00003c64        0x0 ../ProblemaMQTT_bsp//libhal_bsp.a(altera_nios2_qsys_irq.o)
 *(COMMON)
                0x00003c64                . = ALIGN (0x4)
                0x00003c64                __bss_end = ABSOLUTE (.)

.onchip_memory2_0
                0x00003c64        0x0
                0x00003c64                PROVIDE (_alt_partition_onchip_memory2_0_start, ABSOLUTE (.))
 *(.onchip_memory2_0. onchip_memory2_0.*)
                0x00003c64                . = ALIGN (0x4)
                0x00003c64                PROVIDE (_alt_partition_onchip_memory2_0_end, ABSOLUTE (.))
                0x00003c64                _end = ABSOLUTE (.)
                0x00003c64                end = ABSOLUTE (.)
                0x00003c64                __alt_stack_base = ABSOLUTE (.)
                0x00003c64                PROVIDE (_alt_partition_onchip_memory2_0_load_addr, LOADADDR (.onchip_memory2_0))

.stab
 *(.stab)

.stabstr
 *(.stabstr)

.stab.excl
 *(.stab.excl)

.stab.exclstr
 *(.stab.exclstr)

.stab.index
 *(.stab.index)

.stab.indexstr
 *(.stab.indexstr)

.comment        0x00000000       0x26
 *(.comment)
 .comment       0x00000000       0x26 obj/default/hello_world_small.o
                                 0x27 (size before relaxing)
 .comment       0x00000000       0x27 /opt/altera/13.0sp1/nios2eds/bin/gnu/H-i686-pc-linux-gnu/bin/../lib/gcc/nios2-elf/4.1.2/mno-hw-mul/libgcc.a(lib2-mul.o)
 .comment       0x00000000       0x27 /opt/altera/13.0sp1/nios2eds/bin/gnu/H-i686-pc-linux-gnu/bin/../lib/gcc/nios2-elf/4.1.2/../../../../nios2-elf/lib/mno-hw-mul/libsmallc.a(lib_a-printf.o)
 .comment       0x00000000       0x27 /opt/altera/13.0sp1/nios2eds/bin/gnu/H-i686-pc-linux-gnu/bin/../lib/gcc/nios2-elf/4.1.2/../../../../nios2-elf/lib/mno-hw-mul/libsmallc.a(lib_a-sprintf.o)
 .comment       0x00000000       0x27 /opt/altera/13.0sp1/nios2eds/bin/gnu/H-i686-pc-linux-gnu/bin/../lib/gcc/nios2-elf/4.1.2/../../../../nios2-elf/lib/mno-hw-mul/libsmallc.a(lib_a-strlen.o)
 .comment       0x00000000       0x27 /opt/altera/13.0sp1/nios2eds/bin/gnu/H-i686-pc-linux-gnu/bin/../lib/gcc/nios2-elf/4.1.2/../../../../nios2-elf/lib/mno-hw-mul/libsmallc.a(lib_a-vfprintf.o)
 .comment       0x00000000       0x27 /opt/altera/13.0sp1/nios2eds/bin/gnu/H-i686-pc-linux-gnu/bin/../lib/gcc/nios2-elf/4.1.2/../../../../nios2-elf/lib/mno-hw-mul/libsmallc.a(lib_a-fvwrite_small_dev.o)
 .comment       0x00000000       0x27 /opt/altera/13.0sp1/nios2eds/bin/gnu/H-i686-pc-linux-gnu/bin/../lib/gcc/nios2-elf/4.1.2/../../../../nios2-elf/lib/mno-hw-mul/libsmallc.a(lib_a-fvwrite_small_str.o)
 .comment       0x00000000       0x27 /opt/altera/13.0sp1/nios2eds/bin/gnu/H-i686-pc-linux-gnu/bin/../lib/gcc/nios2-elf/4.1.2/../../../../nios2-elf/lib/mno-hw-mul/libsmallc.a(lib_a-impure.o)
 .comment       0x00000000       0x27 /opt/altera/13.0sp1/nios2eds/bin/gnu/H-i686-pc-linux-gnu/bin/../lib/gcc/nios2-elf/4.1.2/../../../../nios2-elf/lib/mno-hw-mul/libsmallc.a(lib_a-memmove.o)
 .comment       0x00000000       0x27 /opt/altera/13.0sp1/nios2eds/bin/gnu/H-i686-pc-linux-gnu/bin/../lib/gcc/nios2-elf/4.1.2/../../../../nios2-elf/lib/mno-hw-mul/libsmallc.a(lib_a-writer.o)
 .comment       0x00000000       0x27 /opt/altera/13.0sp1/nios2eds/bin/gnu/H-i686-pc-linux-gnu/bin/../lib/gcc/nios2-elf/4.1.2/../../../../nios2-elf/lib/mno-hw-mul/libsmallc.a(lib_a-int_errno.o)
 .comment       0x00000000       0x27 /opt/altera/13.0sp1/nios2eds/bin/gnu/H-i686-pc-linux-gnu/bin/../lib/gcc/nios2-elf/4.1.2/mno-hw-mul/libgcc.a(lib2-divmod.o)
 .comment       0x00000000       0x27 ../ProblemaMQTT_bsp//libhal_bsp.a(alt_load.o)
 .comment       0x00000000       0x27 ../ProblemaMQTT_bsp//libhal_bsp.a(alt_main.o)
 .comment       0x00000000       0x27 ../ProblemaMQTT_bsp//libhal_bsp.a(alt_putstr.o)
 .comment       0x00000000       0x27 ../ProblemaMQTT_bsp//libhal_bsp.a(alt_usleep.o)
 .comment       0x00000000       0x27 ../ProblemaMQTT_bsp//libhal_bsp.a(alt_write.o)
 .comment       0x00000000       0x27 ../ProblemaMQTT_bsp//libhal_bsp.a(alt_sys_init.o)
 .comment       0x00000000       0x27 ../ProblemaMQTT_bsp//libhal_bsp.a(altera_avalon_uart_write.o)
 .comment       0x00000000       0x27 ../ProblemaMQTT_bsp//libhal_bsp.a(alt_busy_sleep.o)
 .comment       0x00000000       0x27 ../ProblemaMQTT_bsp//libhal_bsp.a(alt_dcache_flush_all.o)
 .comment       0x00000000       0x27 ../ProblemaMQTT_bsp//libhal_bsp.a(alt_errno.o)
 .comment       0x00000000       0x27 ../ProblemaMQTT_bsp//libhal_bsp.a(alt_icache_flush_all.o)
 .comment       0x00000000       0x27 ../ProblemaMQTT_bsp//libhal_bsp.a(altera_nios2_qsys_irq.o)

.debug
 *(.debug)

.line
 *(.line)

.debug_srcinfo
 *(.debug_srcinfo)

.debug_sfnames
 *(.debug_sfnames)

.debug_aranges  0x00000000      0x2e8
 *(.debug_aranges)
 .debug_aranges
                0x00000000       0x28 ../ProblemaMQTT_bsp//obj/HAL/src/crt0.o
 .debug_aranges
                0x00000028       0x20 obj/default/hello_world_small.o
 .debug_aranges
                0x00000048       0x20 /opt/altera/13.0sp1/nios2eds/bin/gnu/H-i686-pc-linux-gnu/bin/../lib/gcc/nios2-elf/4.1.2/mno-hw-mul/libgcc.a(lib2-mul.o)
 .debug_aranges
                0x00000068       0x20 /opt/altera/13.0sp1/nios2eds/bin/gnu/H-i686-pc-linux-gnu/bin/../lib/gcc/nios2-elf/4.1.2/../../../../nios2-elf/lib/mno-hw-mul/libsmallc.a(lib_a-printf.o)
 .debug_aranges
                0x00000088       0x20 /opt/altera/13.0sp1/nios2eds/bin/gnu/H-i686-pc-linux-gnu/bin/../lib/gcc/nios2-elf/4.1.2/../../../../nios2-elf/lib/mno-hw-mul/libsmallc.a(lib_a-sprintf.o)
 .debug_aranges
                0x000000a8       0x20 /opt/altera/13.0sp1/nios2eds/bin/gnu/H-i686-pc-linux-gnu/bin/../lib/gcc/nios2-elf/4.1.2/../../../../nios2-elf/lib/mno-hw-mul/libsmallc.a(lib_a-strlen.o)
 .debug_aranges
                0x000000c8       0x20 /opt/altera/13.0sp1/nios2eds/bin/gnu/H-i686-pc-linux-gnu/bin/../lib/gcc/nios2-elf/4.1.2/../../../../nios2-elf/lib/mno-hw-mul/libsmallc.a(lib_a-vfprintf.o)
 .debug_aranges
                0x000000e8       0x20 /opt/altera/13.0sp1/nios2eds/bin/gnu/H-i686-pc-linux-gnu/bin/../lib/gcc/nios2-elf/4.1.2/../../../../nios2-elf/lib/mno-hw-mul/libsmallc.a(lib_a-fvwrite_small_dev.o)
 .debug_aranges
                0x00000108       0x20 /opt/altera/13.0sp1/nios2eds/bin/gnu/H-i686-pc-linux-gnu/bin/../lib/gcc/nios2-elf/4.1.2/../../../../nios2-elf/lib/mno-hw-mul/libsmallc.a(lib_a-fvwrite_small_str.o)
 .debug_aranges
                0x00000128       0x20 /opt/altera/13.0sp1/nios2eds/bin/gnu/H-i686-pc-linux-gnu/bin/../lib/gcc/nios2-elf/4.1.2/../../../../nios2-elf/lib/mno-hw-mul/libsmallc.a(lib_a-memmove.o)
 .debug_aranges
                0x00000148       0x20 /opt/altera/13.0sp1/nios2eds/bin/gnu/H-i686-pc-linux-gnu/bin/../lib/gcc/nios2-elf/4.1.2/../../../../nios2-elf/lib/mno-hw-mul/libsmallc.a(lib_a-writer.o)
 .debug_aranges
                0x00000168       0x20 /opt/altera/13.0sp1/nios2eds/bin/gnu/H-i686-pc-linux-gnu/bin/../lib/gcc/nios2-elf/4.1.2/mno-hw-mul/libgcc.a(lib2-divmod.o)
 .debug_aranges
                0x00000188       0x20 ../ProblemaMQTT_bsp//libhal_bsp.a(alt_load.o)
 .debug_aranges
                0x000001a8       0x20 ../ProblemaMQTT_bsp//libhal_bsp.a(alt_main.o)
 .debug_aranges
                0x000001c8       0x20 ../ProblemaMQTT_bsp//libhal_bsp.a(alt_putstr.o)
 .debug_aranges
                0x000001e8       0x20 ../ProblemaMQTT_bsp//libhal_bsp.a(alt_usleep.o)
 .debug_aranges
                0x00000208       0x20 ../ProblemaMQTT_bsp//libhal_bsp.a(alt_write.o)
 .debug_aranges
                0x00000228       0x20 ../ProblemaMQTT_bsp//libhal_bsp.a(alt_sys_init.o)
 .debug_aranges
                0x00000248       0x20 ../ProblemaMQTT_bsp//libhal_bsp.a(altera_avalon_uart_write.o)
 .debug_aranges
                0x00000268       0x20 ../ProblemaMQTT_bsp//libhal_bsp.a(alt_busy_sleep.o)
 .debug_aranges
                0x00000288       0x20 ../ProblemaMQTT_bsp//libhal_bsp.a(alt_dcache_flush_all.o)
 .debug_aranges
                0x000002a8       0x20 ../ProblemaMQTT_bsp//libhal_bsp.a(alt_icache_flush_all.o)
 .debug_aranges
                0x000002c8       0x20 ../ProblemaMQTT_bsp//libhal_bsp.a(altera_nios2_qsys_irq.o)

.debug_pubnames
                0x00000000      0x58b
 *(.debug_pubnames)
 .debug_pubnames
                0x00000000      0x176 obj/default/hello_world_small.o
 .debug_pubnames
                0x00000176       0x1f /opt/altera/13.0sp1/nios2eds/bin/gnu/H-i686-pc-linux-gnu/bin/../lib/gcc/nios2-elf/4.1.2/mno-hw-mul/libgcc.a(lib2-mul.o)
 .debug_pubnames
                0x00000195       0x2b /opt/altera/13.0sp1/nios2eds/bin/gnu/H-i686-pc-linux-gnu/bin/../lib/gcc/nios2-elf/4.1.2/../../../../nios2-elf/lib/mno-hw-mul/libsmallc.a(lib_a-printf.o)
 .debug_pubnames
                0x000001c0       0x2d /opt/altera/13.0sp1/nios2eds/bin/gnu/H-i686-pc-linux-gnu/bin/../lib/gcc/nios2-elf/4.1.2/../../../../nios2-elf/lib/mno-hw-mul/libsmallc.a(lib_a-sprintf.o)
 .debug_pubnames
                0x000001ed       0x1d /opt/altera/13.0sp1/nios2eds/bin/gnu/H-i686-pc-linux-gnu/bin/../lib/gcc/nios2-elf/4.1.2/../../../../nios2-elf/lib/mno-hw-mul/libsmallc.a(lib_a-strlen.o)
 .debug_pubnames
                0x0000020a       0x45 /opt/altera/13.0sp1/nios2eds/bin/gnu/H-i686-pc-linux-gnu/bin/../lib/gcc/nios2-elf/4.1.2/../../../../nios2-elf/lib/mno-hw-mul/libsmallc.a(lib_a-vfprintf.o)
 .debug_pubnames
                0x0000024f       0x2b /opt/altera/13.0sp1/nios2eds/bin/gnu/H-i686-pc-linux-gnu/bin/../lib/gcc/nios2-elf/4.1.2/../../../../nios2-elf/lib/mno-hw-mul/libsmallc.a(lib_a-fvwrite_small_dev.o)
 .debug_pubnames
                0x0000027a       0x2b /opt/altera/13.0sp1/nios2eds/bin/gnu/H-i686-pc-linux-gnu/bin/../lib/gcc/nios2-elf/4.1.2/../../../../nios2-elf/lib/mno-hw-mul/libsmallc.a(lib_a-fvwrite_small_str.o)
 .debug_pubnames
                0x000002a5       0x39 /opt/altera/13.0sp1/nios2eds/bin/gnu/H-i686-pc-linux-gnu/bin/../lib/gcc/nios2-elf/4.1.2/../../../../nios2-elf/lib/mno-hw-mul/libsmallc.a(lib_a-impure.o)
 .debug_pubnames
                0x000002de       0x1e /opt/altera/13.0sp1/nios2eds/bin/gnu/H-i686-pc-linux-gnu/bin/../lib/gcc/nios2-elf/4.1.2/../../../../nios2-elf/lib/mno-hw-mul/libsmallc.a(lib_a-memmove.o)
 .debug_pubnames
                0x000002fc       0x1f /opt/altera/13.0sp1/nios2eds/bin/gnu/H-i686-pc-linux-gnu/bin/../lib/gcc/nios2-elf/4.1.2/../../../../nios2-elf/lib/mno-hw-mul/libsmallc.a(lib_a-writer.o)
 .debug_pubnames
                0x0000031b       0x1c /opt/altera/13.0sp1/nios2eds/bin/gnu/H-i686-pc-linux-gnu/bin/../lib/gcc/nios2-elf/4.1.2/../../../../nios2-elf/lib/mno-hw-mul/libsmallc.a(lib_a-int_errno.o)
 .debug_pubnames
                0x00000337       0x48 /opt/altera/13.0sp1/nios2eds/bin/gnu/H-i686-pc-linux-gnu/bin/../lib/gcc/nios2-elf/4.1.2/mno-hw-mul/libgcc.a(lib2-divmod.o)
 .debug_pubnames
                0x0000037f       0x1f ../ProblemaMQTT_bsp//libhal_bsp.a(alt_load.o)
 .debug_pubnames
                0x0000039e       0x46 ../ProblemaMQTT_bsp//libhal_bsp.a(alt_main.o)
 .debug_pubnames
                0x000003e4       0x21 ../ProblemaMQTT_bsp//libhal_bsp.a(alt_putstr.o)
 .debug_pubnames
                0x00000405       0x1d ../ProblemaMQTT_bsp//libhal_bsp.a(alt_usleep.o)
 .debug_pubnames
                0x00000422       0x1c ../ProblemaMQTT_bsp//libhal_bsp.a(alt_write.o)
 .debug_pubnames
                0x0000043e       0x52 ../ProblemaMQTT_bsp//libhal_bsp.a(alt_sys_init.o)
 .debug_pubnames
                0x00000490       0x2f ../ProblemaMQTT_bsp//libhal_bsp.a(altera_avalon_uart_write.o)
 .debug_pubnames
                0x000004bf       0x25 ../ProblemaMQTT_bsp//libhal_bsp.a(alt_busy_sleep.o)
 .debug_pubnames
                0x000004e4       0x2b ../ProblemaMQTT_bsp//libhal_bsp.a(alt_dcache_flush_all.o)
 .debug_pubnames
                0x0000050f       0x20 ../ProblemaMQTT_bsp//libhal_bsp.a(alt_errno.o)
 .debug_pubnames
                0x0000052f       0x2b ../ProblemaMQTT_bsp//libhal_bsp.a(alt_icache_flush_all.o)
 .debug_pubnames
                0x0000055a       0x31 ../ProblemaMQTT_bsp//libhal_bsp.a(altera_nios2_qsys_irq.o)

.debug_info     0x00000000     0x49aa
 *(.debug_info .gnu.linkonce.wi.*)
 .debug_info    0x00000000       0x61 ../ProblemaMQTT_bsp//obj/HAL/src/crt0.o
 .debug_info    0x00000061      0x505 obj/default/hello_world_small.o
 .debug_info    0x00000566       0xf3 /opt/altera/13.0sp1/nios2eds/bin/gnu/H-i686-pc-linux-gnu/bin/../lib/gcc/nios2-elf/4.1.2/mno-hw-mul/libgcc.a(lib2-mul.o)
 .debug_info    0x00000659      0x6c8 /opt/altera/13.0sp1/nios2eds/bin/gnu/H-i686-pc-linux-gnu/bin/../lib/gcc/nios2-elf/4.1.2/../../../../nios2-elf/lib/mno-hw-mul/libsmallc.a(lib_a-printf.o)
 .debug_info    0x00000d21      0x7e7 /opt/altera/13.0sp1/nios2eds/bin/gnu/H-i686-pc-linux-gnu/bin/../lib/gcc/nios2-elf/4.1.2/../../../../nios2-elf/lib/mno-hw-mul/libsmallc.a(lib_a-sprintf.o)
 .debug_info    0x00001508       0xc2 /opt/altera/13.0sp1/nios2eds/bin/gnu/H-i686-pc-linux-gnu/bin/../lib/gcc/nios2-elf/4.1.2/../../../../nios2-elf/lib/mno-hw-mul/libsmallc.a(lib_a-strlen.o)
 .debug_info    0x000015ca      0x9b6 /opt/altera/13.0sp1/nios2eds/bin/gnu/H-i686-pc-linux-gnu/bin/../lib/gcc/nios2-elf/4.1.2/../../../../nios2-elf/lib/mno-hw-mul/libsmallc.a(lib_a-vfprintf.o)
 .debug_info    0x00001f80      0x68e /opt/altera/13.0sp1/nios2eds/bin/gnu/H-i686-pc-linux-gnu/bin/../lib/gcc/nios2-elf/4.1.2/../../../../nios2-elf/lib/mno-hw-mul/libsmallc.a(lib_a-fvwrite_small_dev.o)
 .debug_info    0x0000260e      0x75f /opt/altera/13.0sp1/nios2eds/bin/gnu/H-i686-pc-linux-gnu/bin/../lib/gcc/nios2-elf/4.1.2/../../../../nios2-elf/lib/mno-hw-mul/libsmallc.a(lib_a-fvwrite_small_str.o)
 .debug_info    0x00002d6d      0x636 /opt/altera/13.0sp1/nios2eds/bin/gnu/H-i686-pc-linux-gnu/bin/../lib/gcc/nios2-elf/4.1.2/../../../../nios2-elf/lib/mno-hw-mul/libsmallc.a(lib_a-impure.o)
 .debug_info    0x000033a3      0x102 /opt/altera/13.0sp1/nios2eds/bin/gnu/H-i686-pc-linux-gnu/bin/../lib/gcc/nios2-elf/4.1.2/../../../../nios2-elf/lib/mno-hw-mul/libsmallc.a(lib_a-memmove.o)
 .debug_info    0x000034a5      0x68c /opt/altera/13.0sp1/nios2eds/bin/gnu/H-i686-pc-linux-gnu/bin/../lib/gcc/nios2-elf/4.1.2/../../../../nios2-elf/lib/mno-hw-mul/libsmallc.a(lib_a-writer.o)
 .debug_info    0x00003b31       0x8c /opt/altera/13.0sp1/nios2eds/bin/gnu/H-i686-pc-linux-gnu/bin/../lib/gcc/nios2-elf/4.1.2/../../../../nios2-elf/lib/mno-hw-mul/libsmallc.a(lib_a-int_errno.o)
 .debug_info    0x00003bbd      0x21c /opt/altera/13.0sp1/nios2eds/bin/gnu/H-i686-pc-linux-gnu/bin/../lib/gcc/nios2-elf/4.1.2/mno-hw-mul/libgcc.a(lib2-divmod.o)
 .debug_info    0x00003dd9      0x12e ../ProblemaMQTT_bsp//libhal_bsp.a(alt_load.o)
 .debug_info    0x00003f07      0x125 ../ProblemaMQTT_bsp//libhal_bsp.a(alt_main.o)
 .debug_info    0x0000402c       0xc5 ../ProblemaMQTT_bsp//libhal_bsp.a(alt_putstr.o)
 .debug_info    0x000040f1       0xab ../ProblemaMQTT_bsp//libhal_bsp.a(alt_usleep.o)
 .debug_info    0x0000419c      0x179 ../ProblemaMQTT_bsp//libhal_bsp.a(alt_write.o)
 .debug_info    0x00004315      0x1b5 ../ProblemaMQTT_bsp//libhal_bsp.a(alt_sys_init.o)
 .debug_info    0x000044ca      0x1be ../ProblemaMQTT_bsp//libhal_bsp.a(altera_avalon_uart_write.o)
 .debug_info    0x00004688       0xd0 ../ProblemaMQTT_bsp//libhal_bsp.a(alt_busy_sleep.o)
 .debug_info    0x00004758       0x8d ../ProblemaMQTT_bsp//libhal_bsp.a(alt_dcache_flush_all.o)
 .debug_info    0x000047e5       0xab ../ProblemaMQTT_bsp//libhal_bsp.a(alt_errno.o)
 .debug_info    0x00004890       0x8d ../ProblemaMQTT_bsp//libhal_bsp.a(alt_icache_flush_all.o)
 .debug_info    0x0000491d       0x8d ../ProblemaMQTT_bsp//libhal_bsp.a(altera_nios2_qsys_irq.o)

.debug_abbrev   0x00000000     0x1687
 *(.debug_abbrev)
 .debug_abbrev  0x00000000       0x12 ../ProblemaMQTT_bsp//obj/HAL/src/crt0.o
 .debug_abbrev  0x00000012      0x264 obj/default/hello_world_small.o
 .debug_abbrev  0x00000276       0x7b /opt/altera/13.0sp1/nios2eds/bin/gnu/H-i686-pc-linux-gnu/bin/../lib/gcc/nios2-elf/4.1.2/mno-hw-mul/libgcc.a(lib2-mul.o)
 .debug_abbrev  0x000002f1      0x179 /opt/altera/13.0sp1/nios2eds/bin/gnu/H-i686-pc-linux-gnu/bin/../lib/gcc/nios2-elf/4.1.2/../../../../nios2-elf/lib/mno-hw-mul/libsmallc.a(lib_a-printf.o)
 .debug_abbrev  0x0000046a      0x179 /opt/altera/13.0sp1/nios2eds/bin/gnu/H-i686-pc-linux-gnu/bin/../lib/gcc/nios2-elf/4.1.2/../../../../nios2-elf/lib/mno-hw-mul/libsmallc.a(lib_a-sprintf.o)
 .debug_abbrev  0x000005e3       0x7a /opt/altera/13.0sp1/nios2eds/bin/gnu/H-i686-pc-linux-gnu/bin/../lib/gcc/nios2-elf/4.1.2/../../../../nios2-elf/lib/mno-hw-mul/libsmallc.a(lib_a-strlen.o)
 .debug_abbrev  0x0000065d      0x263 /opt/altera/13.0sp1/nios2eds/bin/gnu/H-i686-pc-linux-gnu/bin/../lib/gcc/nios2-elf/4.1.2/../../../../nios2-elf/lib/mno-hw-mul/libsmallc.a(lib_a-vfprintf.o)
 .debug_abbrev  0x000008c0      0x179 /opt/altera/13.0sp1/nios2eds/bin/gnu/H-i686-pc-linux-gnu/bin/../lib/gcc/nios2-elf/4.1.2/../../../../nios2-elf/lib/mno-hw-mul/libsmallc.a(lib_a-fvwrite_small_dev.o)
 .debug_abbrev  0x00000a39      0x184 /opt/altera/13.0sp1/nios2eds/bin/gnu/H-i686-pc-linux-gnu/bin/../lib/gcc/nios2-elf/4.1.2/../../../../nios2-elf/lib/mno-hw-mul/libsmallc.a(lib_a-fvwrite_small_str.o)
 .debug_abbrev  0x00000bbd      0x13f /opt/altera/13.0sp1/nios2eds/bin/gnu/H-i686-pc-linux-gnu/bin/../lib/gcc/nios2-elf/4.1.2/../../../../nios2-elf/lib/mno-hw-mul/libsmallc.a(lib_a-impure.o)
 .debug_abbrev  0x00000cfc       0xa8 /opt/altera/13.0sp1/nios2eds/bin/gnu/H-i686-pc-linux-gnu/bin/../lib/gcc/nios2-elf/4.1.2/../../../../nios2-elf/lib/mno-hw-mul/libsmallc.a(lib_a-memmove.o)
 .debug_abbrev  0x00000da4      0x16c /opt/altera/13.0sp1/nios2eds/bin/gnu/H-i686-pc-linux-gnu/bin/../lib/gcc/nios2-elf/4.1.2/../../../../nios2-elf/lib/mno-hw-mul/libsmallc.a(lib_a-writer.o)
 .debug_abbrev  0x00000f10       0x3b /opt/altera/13.0sp1/nios2eds/bin/gnu/H-i686-pc-linux-gnu/bin/../lib/gcc/nios2-elf/4.1.2/../../../../nios2-elf/lib/mno-hw-mul/libsmallc.a(lib_a-int_errno.o)
 .debug_abbrev  0x00000f4b       0xe0 /opt/altera/13.0sp1/nios2eds/bin/gnu/H-i686-pc-linux-gnu/bin/../lib/gcc/nios2-elf/4.1.2/mno-hw-mul/libgcc.a(lib2-divmod.o)
 .debug_abbrev  0x0000102b       0x97 ../ProblemaMQTT_bsp//libhal_bsp.a(alt_load.o)
 .debug_abbrev  0x000010c2       0xa6 ../ProblemaMQTT_bsp//libhal_bsp.a(alt_main.o)
 .debug_abbrev  0x00001168       0x7c ../ProblemaMQTT_bsp//libhal_bsp.a(alt_putstr.o)
 .debug_abbrev  0x000011e4       0x5d ../ProblemaMQTT_bsp//libhal_bsp.a(alt_usleep.o)
 .debug_abbrev  0x00001241       0xdd ../ProblemaMQTT_bsp//libhal_bsp.a(alt_write.o)
 .debug_abbrev  0x0000131e       0xe3 ../ProblemaMQTT_bsp//libhal_bsp.a(alt_sys_init.o)
 .debug_abbrev  0x00001401       0xf2 ../ProblemaMQTT_bsp//libhal_bsp.a(altera_avalon_uart_write.o)
 .debug_abbrev  0x000014f3       0x79 ../ProblemaMQTT_bsp//libhal_bsp.a(alt_busy_sleep.o)
 .debug_abbrev  0x0000156c       0x3f ../ProblemaMQTT_bsp//libhal_bsp.a(alt_dcache_flush_all.o)
 .debug_abbrev  0x000015ab       0x5e ../ProblemaMQTT_bsp//libhal_bsp.a(alt_errno.o)
 .debug_abbrev  0x00001609       0x3f ../ProblemaMQTT_bsp//libhal_bsp.a(alt_icache_flush_all.o)
 .debug_abbrev  0x00001648       0x3f ../ProblemaMQTT_bsp//libhal_bsp.a(altera_nios2_qsys_irq.o)

.debug_line     0x00000000     0x47e1
 *(.debug_line)
 .debug_line    0x00000000       0x66 ../ProblemaMQTT_bsp//obj/HAL/src/crt0.o
 .debug_line    0x00000066      0xa2c obj/default/hello_world_small.o
 .debug_line    0x00000a92      0x191 /opt/altera/13.0sp1/nios2eds/bin/gnu/H-i686-pc-linux-gnu/bin/../lib/gcc/nios2-elf/4.1.2/mno-hw-mul/libgcc.a(lib2-mul.o)
 .debug_line    0x00000c23      0x2be /opt/altera/13.0sp1/nios2eds/bin/gnu/H-i686-pc-linux-gnu/bin/../lib/gcc/nios2-elf/4.1.2/../../../../nios2-elf/lib/mno-hw-mul/libsmallc.a(lib_a-printf.o)
 .debug_line    0x00000ee1      0x365 /opt/altera/13.0sp1/nios2eds/bin/gnu/H-i686-pc-linux-gnu/bin/../lib/gcc/nios2-elf/4.1.2/../../../../nios2-elf/lib/mno-hw-mul/libsmallc.a(lib_a-sprintf.o)
 .debug_line    0x00001246      0x250 /opt/altera/13.0sp1/nios2eds/bin/gnu/H-i686-pc-linux-gnu/bin/../lib/gcc/nios2-elf/4.1.2/../../../../nios2-elf/lib/mno-hw-mul/libsmallc.a(lib_a-strlen.o)
 .debug_line    0x00001496      0x666 /opt/altera/13.0sp1/nios2eds/bin/gnu/H-i686-pc-linux-gnu/bin/../lib/gcc/nios2-elf/4.1.2/../../../../nios2-elf/lib/mno-hw-mul/libsmallc.a(lib_a-vfprintf.o)
 .debug_line    0x00001afc      0x2a9 /opt/altera/13.0sp1/nios2eds/bin/gnu/H-i686-pc-linux-gnu/bin/../lib/gcc/nios2-elf/4.1.2/../../../../nios2-elf/lib/mno-hw-mul/libsmallc.a(lib_a-fvwrite_small_dev.o)
 .debug_line    0x00001da5      0x2cf /opt/altera/13.0sp1/nios2eds/bin/gnu/H-i686-pc-linux-gnu/bin/../lib/gcc/nios2-elf/4.1.2/../../../../nios2-elf/lib/mno-hw-mul/libsmallc.a(lib_a-fvwrite_small_str.o)
 .debug_line    0x00002074      0x230 /opt/altera/13.0sp1/nios2eds/bin/gnu/H-i686-pc-linux-gnu/bin/../lib/gcc/nios2-elf/4.1.2/../../../../nios2-elf/lib/mno-hw-mul/libsmallc.a(lib_a-impure.o)
 .debug_line    0x000022a4      0x294 /opt/altera/13.0sp1/nios2eds/bin/gnu/H-i686-pc-linux-gnu/bin/../lib/gcc/nios2-elf/4.1.2/../../../../nios2-elf/lib/mno-hw-mul/libsmallc.a(lib_a-memmove.o)
 .debug_line    0x00002538      0x29d /opt/altera/13.0sp1/nios2eds/bin/gnu/H-i686-pc-linux-gnu/bin/../lib/gcc/nios2-elf/4.1.2/../../../../nios2-elf/lib/mno-hw-mul/libsmallc.a(lib_a-writer.o)
 .debug_line    0x000027d5      0x1e2 /opt/altera/13.0sp1/nios2eds/bin/gnu/H-i686-pc-linux-gnu/bin/../lib/gcc/nios2-elf/4.1.2/../../../../nios2-elf/lib/mno-hw-mul/libsmallc.a(lib_a-int_errno.o)
 .debug_line    0x000029b7      0x2c6 /opt/altera/13.0sp1/nios2eds/bin/gnu/H-i686-pc-linux-gnu/bin/../lib/gcc/nios2-elf/4.1.2/mno-hw-mul/libgcc.a(lib2-divmod.o)
 .debug_line    0x00002c7d      0x221 ../ProblemaMQTT_bsp//libhal_bsp.a(alt_load.o)
 .debug_line    0x00002e9e      0x2d0 ../ProblemaMQTT_bsp//libhal_bsp.a(alt_main.o)
 .debug_line    0x0000316e      0x1e7 ../ProblemaMQTT_bsp//libhal_bsp.a(alt_putstr.o)
 .debug_line    0x00003355      0x211 ../ProblemaMQTT_bsp//libhal_bsp.a(alt_usleep.o)
 .debug_line    0x00003566      0x2b9 ../ProblemaMQTT_bsp//libhal_bsp.a(alt_write.o)
 .debug_line    0x0000381f      0x311 ../ProblemaMQTT_bsp//libhal_bsp.a(alt_sys_init.o)
 .debug_line    0x00003b30      0x328 ../ProblemaMQTT_bsp//libhal_bsp.a(altera_avalon_uart_write.o)
 .debug_line    0x00003e58      0x273 ../ProblemaMQTT_bsp//libhal_bsp.a(alt_busy_sleep.o)
 .debug_line    0x000040cb      0x1c3 ../ProblemaMQTT_bsp//libhal_bsp.a(alt_dcache_flush_all.o)
 .debug_line    0x0000428e      0x1b4 ../ProblemaMQTT_bsp//libhal_bsp.a(alt_errno.o)
 .debug_line    0x00004442      0x1c3 ../ProblemaMQTT_bsp//libhal_bsp.a(alt_icache_flush_all.o)
 .debug_line    0x00004605      0x1dc ../ProblemaMQTT_bsp//libhal_bsp.a(altera_nios2_qsys_irq.o)

.debug_frame    0x00000000      0x5f4
 *(.debug_frame)
 .debug_frame   0x00000000      0x1fc obj/default/hello_world_small.o
 .debug_frame   0x000001fc       0x20 /opt/altera/13.0sp1/nios2eds/bin/gnu/H-i686-pc-linux-gnu/bin/../lib/gcc/nios2-elf/4.1.2/mno-hw-mul/libgcc.a(lib2-mul.o)
 .debug_frame   0x0000021c       0x40 /opt/altera/13.0sp1/nios2eds/bin/gnu/H-i686-pc-linux-gnu/bin/../lib/gcc/nios2-elf/4.1.2/../../../../nios2-elf/lib/mno-hw-mul/libsmallc.a(lib_a-printf.o)
 .debug_frame   0x0000025c       0x40 /opt/altera/13.0sp1/nios2eds/bin/gnu/H-i686-pc-linux-gnu/bin/../lib/gcc/nios2-elf/4.1.2/../../../../nios2-elf/lib/mno-hw-mul/libsmallc.a(lib_a-sprintf.o)
 .debug_frame   0x0000029c       0x20 /opt/altera/13.0sp1/nios2eds/bin/gnu/H-i686-pc-linux-gnu/bin/../lib/gcc/nios2-elf/4.1.2/../../../../nios2-elf/lib/mno-hw-mul/libsmallc.a(lib_a-strlen.o)
 .debug_frame   0x000002bc       0x64 /opt/altera/13.0sp1/nios2eds/bin/gnu/H-i686-pc-linux-gnu/bin/../lib/gcc/nios2-elf/4.1.2/../../../../nios2-elf/lib/mno-hw-mul/libsmallc.a(lib_a-vfprintf.o)
 .debug_frame   0x00000320       0x30 /opt/altera/13.0sp1/nios2eds/bin/gnu/H-i686-pc-linux-gnu/bin/../lib/gcc/nios2-elf/4.1.2/../../../../nios2-elf/lib/mno-hw-mul/libsmallc.a(lib_a-fvwrite_small_dev.o)
 .debug_frame   0x00000350       0x2c /opt/altera/13.0sp1/nios2eds/bin/gnu/H-i686-pc-linux-gnu/bin/../lib/gcc/nios2-elf/4.1.2/../../../../nios2-elf/lib/mno-hw-mul/libsmallc.a(lib_a-fvwrite_small_str.o)
 .debug_frame   0x0000037c       0x20 /opt/altera/13.0sp1/nios2eds/bin/gnu/H-i686-pc-linux-gnu/bin/../lib/gcc/nios2-elf/4.1.2/../../../../nios2-elf/lib/mno-hw-mul/libsmallc.a(lib_a-memmove.o)
 .debug_frame   0x0000039c       0x2c /opt/altera/13.0sp1/nios2eds/bin/gnu/H-i686-pc-linux-gnu/bin/../lib/gcc/nios2-elf/4.1.2/../../../../nios2-elf/lib/mno-hw-mul/libsmallc.a(lib_a-writer.o)
 .debug_frame   0x000003c8       0x70 /opt/altera/13.0sp1/nios2eds/bin/gnu/H-i686-pc-linux-gnu/bin/../lib/gcc/nios2-elf/4.1.2/mno-hw-mul/libgcc.a(lib2-divmod.o)
 .debug_frame   0x00000438       0x38 ../ProblemaMQTT_bsp//libhal_bsp.a(alt_load.o)
 .debug_frame   0x00000470       0x28 ../ProblemaMQTT_bsp//libhal_bsp.a(alt_main.o)
 .debug_frame   0x00000498       0x28 ../ProblemaMQTT_bsp//libhal_bsp.a(alt_putstr.o)
 .debug_frame   0x000004c0       0x20 ../ProblemaMQTT_bsp//libhal_bsp.a(alt_usleep.o)
 .debug_frame   0x000004e0       0x28 ../ProblemaMQTT_bsp//libhal_bsp.a(alt_write.o)
 .debug_frame   0x00000508       0x38 ../ProblemaMQTT_bsp//libhal_bsp.a(alt_sys_init.o)
 .debug_frame   0x00000540       0x2c ../ProblemaMQTT_bsp//libhal_bsp.a(altera_avalon_uart_write.o)
 .debug_frame   0x0000056c       0x28 ../ProblemaMQTT_bsp//libhal_bsp.a(alt_busy_sleep.o)
 .debug_frame   0x00000594       0x20 ../ProblemaMQTT_bsp//libhal_bsp.a(alt_dcache_flush_all.o)
 .debug_frame   0x000005b4       0x20 ../ProblemaMQTT_bsp//libhal_bsp.a(alt_icache_flush_all.o)
 .debug_frame   0x000005d4       0x20 ../ProblemaMQTT_bsp//libhal_bsp.a(altera_nios2_qsys_irq.o)

.debug_str      0x00000000     0x109d
 *(.debug_str)
 .debug_str     0x00000000      0x1fe obj/default/hello_world_small.o
                                0x246 (size before relaxing)
 .debug_str     0x000001fe       0xd1 /opt/altera/13.0sp1/nios2eds/bin/gnu/H-i686-pc-linux-gnu/bin/../lib/gcc/nios2-elf/4.1.2/mno-hw-mul/libgcc.a(lib2-mul.o)
                                0x17a (size before relaxing)
 .debug_str     0x000002cf      0x3a1 /opt/altera/13.0sp1/nios2eds/bin/gnu/H-i686-pc-linux-gnu/bin/../lib/gcc/nios2-elf/4.1.2/../../../../nios2-elf/lib/mno-hw-mul/libsmallc.a(lib_a-printf.o)
                                0x46b (size before relaxing)
 .debug_str     0x00000670       0x81 /opt/altera/13.0sp1/nios2eds/bin/gnu/H-i686-pc-linux-gnu/bin/../lib/gcc/nios2-elf/4.1.2/../../../../nios2-elf/lib/mno-hw-mul/libsmallc.a(lib_a-sprintf.o)
                                0x49e (size before relaxing)
 .debug_str     0x000006f1       0xe7 /opt/altera/13.0sp1/nios2eds/bin/gnu/H-i686-pc-linux-gnu/bin/../lib/gcc/nios2-elf/4.1.2/../../../../nios2-elf/lib/mno-hw-mul/libsmallc.a(lib_a-strlen.o)
                                0x189 (size before relaxing)
 .debug_str     0x000007d8      0x162 /opt/altera/13.0sp1/nios2eds/bin/gnu/H-i686-pc-linux-gnu/bin/../lib/gcc/nios2-elf/4.1.2/../../../../nios2-elf/lib/mno-hw-mul/libsmallc.a(lib_a-vfprintf.o)
                                0x5b4 (size before relaxing)
 .debug_str     0x0000093a       0x70 /opt/altera/13.0sp1/nios2eds/bin/gnu/H-i686-pc-linux-gnu/bin/../lib/gcc/nios2-elf/4.1.2/../../../../nios2-elf/lib/mno-hw-mul/libsmallc.a(lib_a-fvwrite_small_dev.o)
                                0x46f (size before relaxing)
 .debug_str     0x000009aa       0x5d /opt/altera/13.0sp1/nios2eds/bin/gnu/H-i686-pc-linux-gnu/bin/../lib/gcc/nios2-elf/4.1.2/../../../../nios2-elf/lib/mno-hw-mul/libsmallc.a(lib_a-fvwrite_small_str.o)
                                0x48c (size before relaxing)
 .debug_str     0x00000a07       0xfd /opt/altera/13.0sp1/nios2eds/bin/gnu/H-i686-pc-linux-gnu/bin/../lib/gcc/nios2-elf/4.1.2/../../../../nios2-elf/lib/mno-hw-mul/libsmallc.a(lib_a-impure.o)
                                0x462 (size before relaxing)
 .debug_str     0x00000b04       0x60 /opt/altera/13.0sp1/nios2eds/bin/gnu/H-i686-pc-linux-gnu/bin/../lib/gcc/nios2-elf/4.1.2/../../../../nios2-elf/lib/mno-hw-mul/libsmallc.a(lib_a-memmove.o)
                                0x19e (size before relaxing)
 .debug_str     0x00000b64       0x4f /opt/altera/13.0sp1/nios2eds/bin/gnu/H-i686-pc-linux-gnu/bin/../lib/gcc/nios2-elf/4.1.2/../../../../nios2-elf/lib/mno-hw-mul/libsmallc.a(lib_a-writer.o)
                                0x456 (size before relaxing)
 .debug_str     0x00000bb3       0x40 /opt/altera/13.0sp1/nios2eds/bin/gnu/H-i686-pc-linux-gnu/bin/../lib/gcc/nios2-elf/4.1.2/../../../../nios2-elf/lib/mno-hw-mul/libsmallc.a(lib_a-int_errno.o)
                                0x17c (size before relaxing)
 .debug_str     0x00000bf3       0x76 /opt/altera/13.0sp1/nios2eds/bin/gnu/H-i686-pc-linux-gnu/bin/../lib/gcc/nios2-elf/4.1.2/mno-hw-mul/libgcc.a(lib2-divmod.o)
                                0x1b9 (size before relaxing)
 .debug_str     0x00000c69      0x121 ../ProblemaMQTT_bsp//libhal_bsp.a(alt_load.o)
                                0x1b6 (size before relaxing)
 .debug_str     0x00000d8a       0x70 ../ProblemaMQTT_bsp//libhal_bsp.a(alt_main.o)
                                0x13a (size before relaxing)
 .debug_str     0x00000dfa       0x45 ../ProblemaMQTT_bsp//libhal_bsp.a(alt_putstr.o)
                                0x10a (size before relaxing)
 .debug_str     0x00000e3f       0x27 ../ProblemaMQTT_bsp//libhal_bsp.a(alt_usleep.o)
                                 0xec (size before relaxing)
 .debug_str     0x00000e66       0x2c ../ProblemaMQTT_bsp//libhal_bsp.a(alt_write.o)
                                0x15f (size before relaxing)
 .debug_str     0x00000e92       0xc5 ../ProblemaMQTT_bsp//libhal_bsp.a(alt_sys_init.o)
                                0x1ed (size before relaxing)
 .debug_str     0x00000f57       0x4d ../ProblemaMQTT_bsp//libhal_bsp.a(altera_avalon_uart_write.o)
                                0x1a6 (size before relaxing)
 .debug_str     0x00000fa4       0x42 ../ProblemaMQTT_bsp//libhal_bsp.a(alt_busy_sleep.o)
                                0x10f (size before relaxing)
 .debug_str     0x00000fe6       0x34 ../ProblemaMQTT_bsp//libhal_bsp.a(alt_dcache_flush_all.o)
                                 0xf9 (size before relaxing)
 .debug_str     0x0000101a       0x14 ../ProblemaMQTT_bsp//libhal_bsp.a(alt_errno.o)
                                 0xe9 (size before relaxing)
 .debug_str     0x0000102e       0x34 ../ProblemaMQTT_bsp//libhal_bsp.a(alt_icache_flush_all.o)
                                 0xf9 (size before relaxing)
 .debug_str     0x00001062       0x3b ../ProblemaMQTT_bsp//libhal_bsp.a(altera_nios2_qsys_irq.o)
                                0x100 (size before relaxing)

.debug_loc      0x00000000     0x1530
 *(.debug_loc)
 .debug_loc     0x00000000      0x3a6 obj/default/hello_world_small.o
 .debug_loc     0x000003a6       0x4f /opt/altera/13.0sp1/nios2eds/bin/gnu/H-i686-pc-linux-gnu/bin/../lib/gcc/nios2-elf/4.1.2/mno-hw-mul/libgcc.a(lib2-mul.o)
 .debug_loc     0x000003f5       0x8d /opt/altera/13.0sp1/nios2eds/bin/gnu/H-i686-pc-linux-gnu/bin/../lib/gcc/nios2-elf/4.1.2/../../../../nios2-elf/lib/mno-hw-mul/libsmallc.a(lib_a-printf.o)
 .debug_loc     0x00000482       0xbe /opt/altera/13.0sp1/nios2eds/bin/gnu/H-i686-pc-linux-gnu/bin/../lib/gcc/nios2-elf/4.1.2/../../../../nios2-elf/lib/mno-hw-mul/libsmallc.a(lib_a-sprintf.o)
 .debug_loc     0x00000540       0x1e /opt/altera/13.0sp1/nios2eds/bin/gnu/H-i686-pc-linux-gnu/bin/../lib/gcc/nios2-elf/4.1.2/../../../../nios2-elf/lib/mno-hw-mul/libsmallc.a(lib_a-strlen.o)
 .debug_loc     0x0000055e      0x878 /opt/altera/13.0sp1/nios2eds/bin/gnu/H-i686-pc-linux-gnu/bin/../lib/gcc/nios2-elf/4.1.2/../../../../nios2-elf/lib/mno-hw-mul/libsmallc.a(lib_a-vfprintf.o)
 .debug_loc     0x00000dd6      0x162 /opt/altera/13.0sp1/nios2eds/bin/gnu/H-i686-pc-linux-gnu/bin/../lib/gcc/nios2-elf/4.1.2/../../../../nios2-elf/lib/mno-hw-mul/libsmallc.a(lib_a-fvwrite_small_dev.o)
 .debug_loc     0x00000f38       0xe1 /opt/altera/13.0sp1/nios2eds/bin/gnu/H-i686-pc-linux-gnu/bin/../lib/gcc/nios2-elf/4.1.2/../../../../nios2-elf/lib/mno-hw-mul/libsmallc.a(lib_a-fvwrite_small_str.o)
 .debug_loc     0x00001019       0x4f /opt/altera/13.0sp1/nios2eds/bin/gnu/H-i686-pc-linux-gnu/bin/../lib/gcc/nios2-elf/4.1.2/../../../../nios2-elf/lib/mno-hw-mul/libsmallc.a(lib_a-memmove.o)
 .debug_loc     0x00001068       0x97 /opt/altera/13.0sp1/nios2eds/bin/gnu/H-i686-pc-linux-gnu/bin/../lib/gcc/nios2-elf/4.1.2/../../../../nios2-elf/lib/mno-hw-mul/libsmallc.a(lib_a-writer.o)
 .debug_loc     0x000010ff      0x1d2 /opt/altera/13.0sp1/nios2eds/bin/gnu/H-i686-pc-linux-gnu/bin/../lib/gcc/nios2-elf/4.1.2/mno-hw-mul/libgcc.a(lib2-divmod.o)
 .debug_loc     0x000012d1       0x1f ../ProblemaMQTT_bsp//libhal_bsp.a(alt_load.o)
 .debug_loc     0x000012f0       0x1f ../ProblemaMQTT_bsp//libhal_bsp.a(alt_main.o)
 .debug_loc     0x0000130f       0x48 ../ProblemaMQTT_bsp//libhal_bsp.a(alt_putstr.o)
 .debug_loc     0x00001357       0x13 ../ProblemaMQTT_bsp//libhal_bsp.a(alt_usleep.o)
 .debug_loc     0x0000136a       0x9a ../ProblemaMQTT_bsp//libhal_bsp.a(alt_write.o)
 .debug_loc     0x00001404       0x32 ../ProblemaMQTT_bsp//libhal_bsp.a(alt_sys_init.o)
 .debug_loc     0x00001436       0xaa ../ProblemaMQTT_bsp//libhal_bsp.a(altera_avalon_uart_write.o)
 .debug_loc     0x000014e0       0x50 ../ProblemaMQTT_bsp//libhal_bsp.a(alt_busy_sleep.o)

.debug_macinfo
 *(.debug_macinfo)

.debug_weaknames
 *(.debug_weaknames)

.debug_funcnames
 *(.debug_funcnames)

.debug_typenames
 *(.debug_typenames)

.debug_varnames
 *(.debug_varnames)

.debug_alt_sim_info
                0x00000000       0x40
 *(.debug_alt_sim_info)
 .debug_alt_sim_info
                0x00000000       0x10 ../ProblemaMQTT_bsp//obj/HAL/src/crt0.o
 .debug_alt_sim_info
                0x00000010       0x30 ../ProblemaMQTT_bsp//libhal_bsp.a(alt_busy_sleep.o)
                0x00004000                __alt_data_end = 0x4000
                0x00004000                PROVIDE (__alt_stack_pointer, __alt_data_end)
                0x00003c64                PROVIDE (__alt_stack_limit, __alt_stack_base)
                0x00003c64                PROVIDE (__alt_heap_start, end)
                0x00004000                PROVIDE (__alt_heap_limit, 0x4000)
OUTPUT(ProblemaMQTT.elf elf32-littlenios2)

.debug_ranges   0x00000000      0x178
 .debug_ranges  0x00000000       0x20 ../ProblemaMQTT_bsp//obj/HAL/src/crt0.o
 .debug_ranges  0x00000020      0x140 /opt/altera/13.0sp1/nios2eds/bin/gnu/H-i686-pc-linux-gnu/bin/../lib/gcc/nios2-elf/4.1.2/../../../../nios2-elf/lib/mno-hw-mul/libsmallc.a(lib_a-vfprintf.o)
 .debug_ranges  0x00000160       0x18 /opt/altera/13.0sp1/nios2eds/bin/gnu/H-i686-pc-linux-gnu/bin/../lib/gcc/nios2-elf/4.1.2/../../../../nios2-elf/lib/mno-hw-mul/libsmallc.a(lib_a-fvwrite_small_str.o)
